{
  "comments": [
    {
      "comment": "java.leap.no_built_in_methods",
      "params": {},
      "type": "essential"
    },
    {
      "comment": "java.general.feedback_request",
      "params": {},
      "type": "informative"
    }
  ]
}