{
  "comments": [
    {
      "comment": "java.leap.avoid_conditional_logic",
      "params": {},
      "type": "actionable"
    },
    {
      "comment": "java.general.feedback_request",
      "params": {},
      "type": "informative"
    }
  ]
}