{
  "comments": [
    {
      "comment": "java.general.avoid_print_statements",
      "params": {},
      "type": "informative"
    },
    {
      "comment": "java.general.feedback_request",
      "params": {},
      "type": "informative"
    }
  ]
}