{
  "comments": [
    {
      "comment": "java.lasagna.reuse_code",
      "params": {
        "callingMethod": "remainingMinutesInOven",
        "methodToCall": "expectedMinutesInOven"
      },
      "type": "actionable"
    },
    {
      "comment": "java.lasagna.reuse_code",
      "params": {
        "callingMethod": "totalTimeInMinutes",
        "methodToCall": "preparationTimeInMinutes"
      },
      "type": "actionable"
    },
    {
      "comment": "java.general.feedback_request",
      "params": {},
      "type": "informative"
    }
  ]
}