{
  "comments": [
    {
      "comment": "java.general.prefer_string_concatenation",
      "params": {},
      "type": "informative"
    },
    {
      "comment": "java.general.feedback_request",
      "params": {},
      "type": "informative"
    }
  ]
}