{
  "comments": [
    {
      "comment": "java.wizards-and-warriors.use_override_annotation",
      "params": {},
      "type": "informative"
    },
    {
      "comment": "java.general.feedback_request",
      "params": {},
      "type": "informative"
    }
  ]
}