{
  "comments": [
    {
      "comment": "java.general.exemplar",
      "params": {
        "exerciseName": "Salary Calculator"
      },
      "type": "celebratory"
    }
  ]
}