{
  "comments": [
    {
      "comment": "java.secrets.implement_operator",
      "params": {
        "operatorToUse": ">>>",
        "calledMethod": "shiftBack"
      },
      "type": "essential"
    },
    {
      "comment": "java.general.feedback_request",
      "params": {},
      "type": "informative"
    }
  ]
}