{
  "comments": [
    {
      "comment": "java.general.reuse_code",
      "params": {
        "callingMethod": "reformat",
        "methodToCall": "message"
      },
      "type": "actionable"
    },
    {
      "comment": "java.general.feedback_request",
      "params": {},
      "type": "informative"
    }
  ]
}