{
  "comments": [
    {
      "comment": "java.salary-calculator.use_ternary_operators",
      "params": {
        "inMethod": "finalSalary"
      },
      "type": "essential"
    },
    {
      "comment": "java.general.feedback_request",
      "params": {},
      "type": "informative"
    }
  ]
}