{
  "comments": [
    {
      "comment": "java.log-levels.use_substring_method_v2",
      "params": {
        "inMethod": "message"
      },
      "type": "actionable"
    },
    {
      "comment": "java.log-levels.use_substring_method_v2",
      "params": {
        "inMethod": "logLevel"
      },
      "type": "actionable"
    },
    {
      "comment": "java.general.feedback_request",
      "params": {},
      "type": "informative"
    }
  ]
}