{
  "comments": [
    {
      "comment": "java.secrets.use_bitwise_operator",
      "params": {
        "calledMethod": "setBits",
        "operatorToUse": "|"
      },
      "type": "essential"
    },
    {
      "comment": "java.general.feedback_request",
      "params": {},
      "type": "informative"
    }
  ]
}