{
  "comments": [
    {
      "comment": "java.cars-assemble.avoid_using_return_in_else_statement",
      "params": {},
      "type": "informative"
    },
    {
      "comment": "java.general.feedback_request",
      "params": {},
      "type": "informative"
    }
  ]
}