{
  "comments": [
    {
      "comment": "java.general.do_not_use_main_method",
      "params": {},
      "type": "essential"
    },
    {
      "comment": "java.general.feedback_request",
      "params": {},
      "type": "informative"
    }
  ]
}