{
  "comments": [
    {
      "comment": "java.log-levels.use_substring_method",
      "params": {},
      "type": "actionable"
    },
    {
      "comment": "java.general.feedback_request",
      "params": {},
      "type": "informative"
    }
  ]
}