{
  "comments": [
    {
      "comment": "java.annalyns-infiltration.avoid_comparison_with_literal",
      "params": {},
      "type": "essential"
    },
    {
      "comment": "java.general.feedback_request",
      "params": {},
      "type": "informative"
    }
  ]
}