{
  "comments": [
    {
      "comment": "java.log-levels.do_not_hardcode_log_levels",
      "params": {},
      "type": "essential"
    },
    {
      "comment": "java.general.feedback_request",
      "params": {},
      "type": "informative"
    }
  ]
}