{
  "comments": [
    {
      "comment": "java.general.avoid_hard_coded_test_cases",
      "params": {},
      "type": "essential"
    },
    {
      "comment": "java.leap.use_minimum_number_of_checks",
      "params": {},
      "type": "actionable"
    },
    {
      "comment": "java.general.feedback_request",
      "params": {},
      "type": "informative"
    }
  ]
}