{
  "comments": [
    {
      "comment": "java.hamming.should_use_stream_filter_and_count",
      "params": {},
      "type": "actionable"
    },
    {
      "comment": "java.general.feedback_request",
      "params": {},
      "type": "informative"
    }
  ]
}